Hello
d (9) = 9
o (9) = 11
c (a) = a
s (Hello) = Hello
%% = %%
1 + 2 = 3
